ORTYPDATASIZE=16'8ORFILEPATTERN=16'0ORFILENBTYPES=16'30BRSGETPOINTER=16'0BRSDEFPROGVAR=16'0RTYPSOFTKEYS=16'1ARTYPPASTRING=16'11RESDKPROGVAR=16'10RESDKINVALID=16'FFORTADATAKIND=16'0BRSGETNOHAND=16'3RTYPDISPLAY=16'18RES_GETTYPE=16'A7A1ORTAREGENUM=16'8ORFILENBRES=16'34BRSOPSYSTEM=16'2RTYPSTRING=16'10RTYPRASTER=16'80RTYPMMENUS=16'20RESPATTERN=16'BCD2D3BERESDKBUILD=16'8ORTYPNBRES=16'4ORTYPIDENT=16'0ORTAOFFSET=16'4ORFILEVERS=16'6ORFILENAME=16'10ORFILELANG=16'20ORFILEATTR=16'8BRSOPPRIVE=16'1BRSOPCACHE=16'0BRSGETSIZE=16'2BRSGETCOPY=16'1RTYPSOUND=16'F0RES_FIRST=16'A7A0RES_CLOSE=16'A7A3RESDKDATA=16'0RBPOINTER=16'4ORTYPNAME=16'10ORTYPATTR=16'CORFILEREV=16'4BRSGETAUX=16'4RTYPDBOX=16'30RES_OPEN=16'A7A0RES_LAST=16'A7A4RES_BASE=16'A7A0RBINSERT=16'2ORTASIZE=16'1RES_GET=16'A7A2RES_DEF=16'A7A4RBREF32=16'8RBREF16=16'ARBLABEL=16'6LRFILE=16'40RBEND=16'0LRTYP=16'20.SYSCALL.16 RES_LRTA=16'C